// Jest Snapshot v1, https://jestjs.io/docs/snapshot-testing

exports[`ArrivalSection should render correctly and matches snapshot 1`] = `
<DocumentFragment>
  <section
    class="flex flex-col gap-[50px] w-full max-w-[1281px] mx-auto items-center"
  >
    <div
      class="flex flex-col gap-5 max-w-[620px] w-full items-center text-center"
    >
      <h2
        class="font-secondary text-charcoal text-[46px]"
      >
        New Arrivals
      </h2>
      <p
        class="text-gray"
      >
        Lorem ipsum dolor sit amet, consectetur adipiscing elit. Scelerisque duis ultrices sollicitudin aliquam sem. Scelerisque duis ultrices sollicitudin
      </p>
    </div>
    <div
      class="flex flex-wrap gap-2 w-full max-w-[1155px] justify-center md:justify-between"
    >
      <div
        class="relative max-w-fit min-w-min inline-flex items-center justify-between box-border whitespace-nowrap h-7 text-small bg-whiteSmoke rounded-[10px] py-4 px-8 text-charcoal hover:bg-black hover:text-white transition cursor-not-allowed"
      >
        <span
          class="flex-1 text-inherit font-normal px-2"
        >
          Men’s Fashion
        </span>
      </div>
      <div
        class="relative max-w-fit min-w-min inline-flex items-center justify-between box-border whitespace-nowrap h-7 text-small bg-whiteSmoke rounded-[10px] py-4 px-8 text-charcoal hover:bg-black hover:text-white transition cursor-not-allowed"
      >
        <span
          class="flex-1 text-inherit font-normal px-2"
        >
          Women’s Fashion
        </span>
      </div>
      <div
        class="relative max-w-fit min-w-min inline-flex items-center justify-between box-border whitespace-nowrap h-7 text-small bg-whiteSmoke rounded-[10px] py-4 px-8 text-charcoal hover:bg-black hover:text-white transition cursor-not-allowed"
      >
        <span
          class="flex-1 text-inherit font-normal px-2"
        >
          Women Accessories
        </span>
      </div>
      <div
        class="relative max-w-fit min-w-min inline-flex items-center justify-between box-border whitespace-nowrap h-7 text-small bg-whiteSmoke rounded-[10px] py-4 px-8 text-charcoal hover:bg-black hover:text-white transition cursor-not-allowed"
      >
        <span
          class="flex-1 text-inherit font-normal px-2"
        >
          Men Accessories
        </span>
      </div>
      <div
        class="relative max-w-fit min-w-min inline-flex items-center justify-between box-border whitespace-nowrap h-7 text-small bg-whiteSmoke rounded-[10px] py-4 px-8 text-charcoal hover:bg-black hover:text-white transition cursor-not-allowed"
      >
        <span
          class="flex-1 text-inherit font-normal px-2"
        >
          Discount Deals
        </span>
      </div>
    </div>
  </section>
</DocumentFragment>
`;
