// Jest Snapshot v1, https://jestjs.io/docs/snapshot-testing

exports[`Navbar component renders all navbar items correctly and matches snapshot 1`] = `
<div>
  <nav
    class="flex z-40 w-full h-auto items-center justify-center data-[menu-open=true]:border-none sticky top-0 inset-x-0 backdrop-blur-lg data-[menu-open=true]:backdrop-blur-xl backdrop-saturate-150 bg-background/70 list-none"
    style="--navbar-height: 4rem;"
  >
    <header
      class="z-40 flex px-6 gap-4 w-full flex-row relative flex-nowrap items-center justify-between h-[var(--navbar-height)] max-w-[1024px]"
    >
      <li
        class="text-medium whitespace-nowrap box-border list-none data-[active=true]:font-semibold"
      >
        <a
          class="text-xl text-gray-400"
          href="/"
        >
          Home
        </a>
      </li>
      <li
        class="text-medium whitespace-nowrap box-border list-none data-[active=true]:font-semibold"
      >
        <a
          class="text-xl font-bold text-blue-600"
          href="/shop"
        >
          Shop
        </a>
      </li>
      <li
        class="text-medium whitespace-nowrap box-border list-none data-[active=true]:font-semibold"
      >
        <a
          class="text-xl text-gray-400"
          href="/cart"
        >
          Cart
        </a>
      </li>
      <li
        class="text-medium whitespace-nowrap box-border list-none data-[active=true]:font-semibold"
      >
        <a
          class="text-xl text-gray-400"
          href="/signin"
        >
          Sign In
        </a>
      </li>
      <li
        class="text-medium whitespace-nowrap box-border list-none data-[active=true]:font-semibold"
      >
        <a
          class="text-xl text-gray-400"
          href="/signup"
        >
          Sign Up
        </a>
      </li>
    </header>
  </nav>
</div>
`;
