// Jest Snapshot v1, https://jestjs.io/docs/snapshot-testing

exports[`Input component should render correctly and match snapshot 1`] = `
<DocumentFragment>
  <div
    class="w-full"
  >
    <input
      class="
          
          w-full
          border-b-[1.5px]
          border-gray
          bg-transparent
          focus:outline-none
          focus:border-black
          placeholder:text-gray
          text-black
          py-2
          
        "
      id="«r0»"
      placeholder="Enter value"
      type="text"
    />
  </div>
</DocumentFragment>
`;
