// Jest Snapshot v1, https://jestjs.io/docs/snapshot-testing

exports[`ProductItem renders correctly and matches snapshot 1`] = `
<div>
  <div
    class="h-auto text-foreground box-border bg-content1 outline-hidden data-[focus-visible=true]:z-10 data-[focus-visible=true]:outline-2 data-[focus-visible=true]:outline-focus data-[focus-visible=true]:outline-offset-2 shadow-medium rounded-large transition-transform-background motion-reduce:transition-none cursor-pointer flex flex-col gap-5 group relative overflow-hidden"
    tabindex="-1"
  >
    <figure
      class="relative"
    >
      <img
        alt="Product Item"
        data-nimg="1"
        decoding="async"
        height="403"
        loading="lazy"
        sizes="(100vw - 20px) 100vw, 302px"
        src="/_next/image?url=%2Fimages%2FproductItem1.webp&w=3840&q=75"
        srcset="/_next/image?url=%2Fimages%2FproductItem1.webp&w=640&q=75 640w, /_next/image?url=%2Fimages%2FproductItem1.webp&w=750&q=75 750w, /_next/image?url=%2Fimages%2FproductItem1.webp&w=828&q=75 828w, /_next/image?url=%2Fimages%2FproductItem1.webp&w=1080&q=75 1080w, /_next/image?url=%2Fimages%2FproductItem1.webp&w=1200&q=75 1200w, /_next/image?url=%2Fimages%2FproductItem1.webp&w=1920&q=75 1920w, /_next/image?url=%2Fimages%2FproductItem1.webp&w=2048&q=75 2048w, /_next/image?url=%2Fimages%2FproductItem1.webp&w=3840&q=75 3840w"
        style="color: transparent;"
        width="302"
      />
    </figure>
    <div>
      <h3
        class="font-secondary mb-[5px]"
      >
        Test Product
      </h3>
      <p>
        $
        99
      </p>
      <div
        class="flex gap-2 mt-4"
      >
        <div
          class="rounded-full flex items-center justify-center transition-all w-8 h-8 border border-gray hover:border-black"
        >
          <div
            class="rounded-full transition-all w-8 h-8"
            style="background-color: rgb(0, 0, 0);"
          />
        </div>
        <div
          class="rounded-full flex items-center justify-center transition-all w-8 h-8 border border-gray hover:border-black"
        >
          <div
            class="rounded-full transition-all w-8 h-8"
            style="background-color: rgb(255, 255, 255);"
          />
        </div>
      </div>
    </div>
  </div>
</div>
`;
