// Jest Snapshot v1, https://jestjs.io/docs/snapshot-testing

exports[`CartItemRow should render CartItemRow component and match snapshot 1`] = `
<div>
  <section>
    <div
      class="font-secondary mx-auto w-full max-w-[1280px] border-y border-gray pt-9 pb-11  flex justify-between "
    >
      <div
        class="flex gap-6 w-full max-w-[366px]"
      >
        <img
          alt="Nike Air Max 270"
          class="object-cover"
          data-nimg="1"
          decoding="async"
          height="255"
          loading="lazy"
          sizes="(100vw - 20px) 100vw, 168px"
          src="/_next/image?url=%2Fimages%2FproductItem1.webp&w=3840&q=75"
          srcset="/_next/image?url=%2Fimages%2FproductItem1.webp&w=640&q=75 640w, /_next/image?url=%2Fimages%2FproductItem1.webp&w=750&q=75 750w, /_next/image?url=%2Fimages%2FproductItem1.webp&w=828&q=75 828w, /_next/image?url=%2Fimages%2FproductItem1.webp&w=1080&q=75 1080w, /_next/image?url=%2Fimages%2FproductItem1.webp&w=1200&q=75 1200w, /_next/image?url=%2Fimages%2FproductItem1.webp&w=1920&q=75 1920w, /_next/image?url=%2Fimages%2FproductItem1.webp&w=2048&q=75 2048w, /_next/image?url=%2Fimages%2FproductItem1.webp&w=3840&q=75 3840w"
          style="color: transparent;"
          width="168"
        />
        <div
          class="flex flex-col text-[22px] items-start gap-5"
        >
          <h3>
            Nike Air Max 270
          </h3>
          <p
            class="text-[22px] text-gray"
          >
            Color: 
          </p>
          <button
            class="z-0 group relative justify-center box-border appearance-none select-none whitespace-nowrap font-normal subpixel-antialiased overflow-hidden tap-highlight-transparent transform-gpu data-[pressed=true]:scale-[0.97] cursor-pointer outline-hidden data-[focus-visible=true]:z-10 data-[focus-visible=true]:outline-2 data-[focus-visible=true]:outline-focus data-[focus-visible=true]:outline-offset-2 min-w-20 h-10 text-small rounded-medium [&>svg]:max-w-[theme(spacing.8)] motion-reduce:transition-none bg-default/40 data-[hover=true]:opacity-hover px-0 underline transition flex items-center gap-1 text-gray hover:text-black"
            data-react-aria-pressable="true"
            tabindex="0"
            type="button"
          >
            Remove
          </button>
        </div>
      </div>
      <div
        class="text-lg font-medium w-[100px] text-center"
      >
        $
        3900
      </div>
      <div
        class="mt-[-5px]"
      >
        <div
          class="flex items-center border border-gray rounded-lg px-4 py-2 w-fit hover:bg-whiteSmoke transition"
        >
          <button
            class="z-0 group relative inline-flex items-center justify-center box-border appearance-none select-none whitespace-nowrap font-normal subpixel-antialiased overflow-hidden tap-highlight-transparent transform-gpu data-[pressed=true]:scale-[0.97] outline-hidden data-[focus-visible=true]:z-10 data-[focus-visible=true]:outline-2 data-[focus-visible=true]:outline-focus data-[focus-visible=true]:outline-offset-2 border-medium bg-transparent px-3 min-w-16 h-8 text-tiny gap-2 rounded-small [&>svg]:max-w-[theme(spacing.8)] motion-reduce:transition-none border-default text-default-foreground data-[hover=true]:!bg-default transition hover:bg-whiteSmoke cursor-not-allowed opacity-50"
            data-react-aria-pressable="true"
            disabled=""
            tabindex="0"
            title="Cannot reduce further"
            type="button"
          >
            −
          </button>
          <span
            class="mx-4 w-4 text-center text-lg transition-all duration-200 ease-in-out"
          >
            0
          </span>
          <button
            class="z-0 group relative inline-flex items-center justify-center box-border appearance-none select-none whitespace-nowrap font-normal subpixel-antialiased overflow-hidden tap-highlight-transparent transform-gpu data-[pressed=true]:scale-[0.97] cursor-pointer outline-hidden data-[focus-visible=true]:z-10 data-[focus-visible=true]:outline-2 data-[focus-visible=true]:outline-focus data-[focus-visible=true]:outline-offset-2 border-medium bg-transparent px-3 min-w-16 h-8 text-tiny gap-2 rounded-small [&>svg]:max-w-[theme(spacing.8)] motion-reduce:transition-none border-default text-default-foreground data-[hover=true]:!bg-default transition hover:bg-whiteSmoke"
            data-react-aria-pressable="true"
            tabindex="0"
            type="button"
          >
            +
          </button>
        </div>
      </div>
      <div
        class="text-lg font-semibold w-[100px] text-right"
      >
        $
        0
      </div>
    </div>
  </section>
</div>
`;
