// Jest Snapshot v1, https://jestjs.io/docs/snapshot-testing

exports[`PaymentCard should render PaymentCard component and match snapshot 1`] = `
<div>
  <div
    class="flex flex-col relative overflow-hidden h-auto text-foreground box-border bg-content1 outline-hidden data-[focus-visible=true]:z-10 data-[focus-visible=true]:outline-2 data-[focus-visible=true]:outline-focus data-[focus-visible=true]:outline-offset-2 shadow-medium rounded-large transition-transform-background motion-reduce:transition-none mt-4 pt-4 w-full max-w-[613px]"
    tabindex="-1"
  >
    <label
      class="flex items-center gap-2 text-gray border-b border-gray text-[22px] pb-5"
      for="wrap-gift-checkbox"
    >
      <div
        class="flex items-center mt-2 mr-3 w-8 h-8"
      >
        <div
          class="w-full"
        >
          <input
            class="
          w-8 h-8
          w-full
          border-b-[1.5px]
          border-gray
          bg-transparent
          focus:outline-none
          focus:border-black
          placeholder:text-gray
          text-black
          py-2
          
        "
            type="checkbox"
          />
        </div>
      </div>
      <span>
        For 
        <strong
          class="text-black"
        >
          $10.00
        </strong>
         Please Wrap The Product
      </span>
    </label>
    <div
      class="flex font-secondary text-[22px] justify-between items-center pb-7 pt-[51px]"
    >
      <span>
        Subtotal
      </span>
      <span
        class="font-bold"
      >
        $
        100.00
      </span>
    </div>
    <button
      class="z-0 group relative inline-flex items-center justify-center box-border appearance-none select-none whitespace-nowrap font-normal subpixel-antialiased overflow-hidden tap-highlight-transparent transform-gpu data-[pressed=true]:scale-[0.97] cursor-pointer outline-hidden data-[focus-visible=true]:z-10 data-[focus-visible=true]:outline-2 data-[focus-visible=true]:outline-focus data-[focus-visible=true]:outline-offset-2 px-4 min-w-20 h-10 gap-2 [&>svg]:max-w-[theme(spacing.8)] motion-reduce:transition-none data-[hover=true]:opacity-hover w-full rounded-[10px] border border-border-input-100 transition hover:delay-75 bg-black hover:bg-secondary text-white text-base shadow-lg py-6"
      data-react-aria-pressable="true"
      tabindex="0"
      type="button"
    >
      Checkout
    </button>
    <a
      class="underline text-[22px] font-secondary text-black text-center mt-5 hover:text-gray transition"
      href="/cart"
    >
      View Cart
    </a>
  </div>
</div>
`;
