// Jest Snapshot v1, https://jestjs.io/docs/snapshot-testing

exports[`QuantityInput component should render correctly and match snapshot 1`] = `
<DocumentFragment>
  <div
    class="flex items-center border border-gray rounded-lg px-4 py-2 w-fit hover:bg-whiteSmoke transition"
  >
    <button
      class="z-0 group relative inline-flex items-center justify-center box-border appearance-none select-none whitespace-nowrap font-normal subpixel-antialiased overflow-hidden tap-highlight-transparent transform-gpu data-[pressed=true]:scale-[0.97] outline-hidden data-[focus-visible=true]:z-10 data-[focus-visible=true]:outline-2 data-[focus-visible=true]:outline-focus data-[focus-visible=true]:outline-offset-2 border-medium bg-transparent px-3 min-w-16 h-8 text-tiny gap-2 rounded-small [&>svg]:max-w-[theme(spacing.8)] motion-reduce:transition-none border-default text-default-foreground data-[hover=true]:!bg-default transition hover:bg-whiteSmoke cursor-not-allowed opacity-50"
      data-react-aria-pressable="true"
      disabled=""
      tabindex="0"
      title="Cannot reduce further"
      type="button"
    >
      −
    </button>
    <span
      class="mx-4 w-4 text-center text-lg transition-all duration-200 ease-in-out"
    >
      1
    </span>
    <button
      class="z-0 group relative inline-flex items-center justify-center box-border appearance-none select-none whitespace-nowrap font-normal subpixel-antialiased overflow-hidden tap-highlight-transparent transform-gpu data-[pressed=true]:scale-[0.97] cursor-pointer outline-hidden data-[focus-visible=true]:z-10 data-[focus-visible=true]:outline-2 data-[focus-visible=true]:outline-focus data-[focus-visible=true]:outline-offset-2 border-medium bg-transparent px-3 min-w-16 h-8 text-tiny gap-2 rounded-small [&>svg]:max-w-[theme(spacing.8)] motion-reduce:transition-none border-default text-default-foreground data-[hover=true]:!bg-default transition hover:bg-whiteSmoke"
      data-react-aria-pressable="true"
      tabindex="0"
      type="button"
    >
      +
    </button>
  </div>
</DocumentFragment>
`;
