// Jest Snapshot v1, https://jestjs.io/docs/snapshot-testing

exports[`ColorSelection should render corectly  and match snapshot 1`] = `
<div>
  <div
    class="mb-6"
  >
    <h2
      class="text-[18px] font-secondary mb-4"
    >
      Colors
    </h2>
    <div
      class="grid grid-cols-7 gap-3 max-w-[320px]"
    >
      <button
        class="rounded-full flex items-center justify-center transition-all w-8 h-8 border border-gray hover:border-black"
        type="button"
      >
        <div
          class="rounded-full transition-all w-8 h-8"
          style="background-color: rgb(0, 0, 0);"
        />
      </button>
      <button
        class="rounded-full flex items-center justify-center transition-all w-8 h-8 border border-gray hover:border-black"
        type="button"
      >
        <div
          class="rounded-full transition-all w-8 h-8"
          style="background-color: rgb(128, 128, 128);"
        />
      </button>
      <button
        class="rounded-full flex items-center justify-center transition-all w-8 h-8 border border-gray hover:border-black"
        type="button"
      >
        <div
          class="rounded-full transition-all w-8 h-8"
          style="background-color: rgb(255, 0, 0);"
        />
      </button>
      <button
        class="rounded-full flex items-center justify-center transition-all w-8 h-8 border border-gray hover:border-black"
        type="button"
      >
        <div
          class="rounded-full transition-all w-8 h-8"
          style="background-color: rgb(255, 255, 0);"
        />
      </button>
      <button
        class="rounded-full flex items-center justify-center transition-all w-8 h-8 border border-gray hover:border-black"
        type="button"
      >
        <div
          class="rounded-full transition-all w-8 h-8"
          style="background-color: rgb(255, 108, 108);"
        />
      </button>
      <button
        class="rounded-full flex items-center justify-center transition-all w-8 h-8 border border-gray hover:border-black"
        type="button"
      >
        <div
          class="rounded-full transition-all w-8 h-8"
          style="background-color: rgb(255, 165, 0);"
        />
      </button>
      <button
        class="rounded-full flex items-center justify-center transition-all w-8 h-8 border border-gray hover:border-black"
        type="button"
      >
        <div
          class="rounded-full transition-all w-8 h-8"
          style="background-color: rgb(255, 215, 0);"
        />
      </button>
      <button
        class="rounded-full flex items-center justify-center transition-all w-8 h-8 border border-gray hover:border-black"
        type="button"
      >
        <div
          class="rounded-full transition-all w-8 h-8"
          style="background-color: rgb(0, 255, 0);"
        />
      </button>
      <button
        class="rounded-full flex items-center justify-center transition-all w-8 h-8 border border-gray hover:border-black"
        type="button"
      >
        <div
          class="rounded-full transition-all w-8 h-8"
          style="background-color: rgb(0, 255, 0);"
        />
      </button>
      <button
        class="rounded-full flex items-center justify-center transition-all w-8 h-8 border border-gray hover:border-black"
        type="button"
      >
        <div
          class="rounded-full transition-all w-8 h-8"
          style="background-color: rgb(0, 255, 127);"
        />
      </button>
      <button
        class="rounded-full flex items-center justify-center transition-all w-8 h-8 border border-gray hover:border-black"
        type="button"
      >
        <div
          class="rounded-full transition-all w-8 h-8"
          style="background-color: rgb(100, 149, 237);"
        />
      </button>
      <button
        class="rounded-full flex items-center justify-center transition-all w-8 h-8 border border-gray hover:border-black"
        type="button"
      >
        <div
          class="rounded-full transition-all w-8 h-8"
          style="background-color: rgb(123, 104, 238);"
        />
      </button>
      <button
        class="rounded-full flex items-center justify-center transition-all w-8 h-8 border border-gray hover:border-black"
        type="button"
      >
        <div
          class="rounded-full transition-all w-8 h-8"
          style="background-color: rgb(218, 112, 214);"
        />
      </button>
      <button
        class="rounded-full flex items-center justify-center transition-all w-8 h-8 border border-gray hover:border-black"
        type="button"
      >
        <div
          class="rounded-full transition-all w-8 h-8"
          style="background-color: rgb(230, 230, 250);"
        />
      </button>
    </div>
  </div>
</div>
`;
