// Jest Snapshot v1, https://jestjs.io/docs/snapshot-testing

exports[`ColorSelection should render corectly  and match snapshot 1`] = `
<div>
  <div
    class="mb-6"
  >
    <h2
      class="text-[18px] font-secondary mb-4"
    >
      Colors
    </h2>
    <div
      class="grid grid-cols-7 gap-3 max-w-[320px]"
    >
      <button
        class="w-8 h-8 rounded-full flex items-center justify-center border-1 transition-colors border-gray"
        type="button"
      >
        <div
          class="rounded-full transition-all w-8 h-8"
          style="background-color: rgb(255, 108, 108);"
        />
      </button>
      <button
        class="w-8 h-8 rounded-full flex items-center justify-center border-1 transition-colors border-gray"
        type="button"
      >
        <div
          class="rounded-full transition-all w-8 h-8"
          style="background-color: rgb(252, 161, 32);"
        />
      </button>
      <button
        class="w-8 h-8 rounded-full flex items-center justify-center border-1 transition-colors border-gray"
        type="button"
      >
        <div
          class="rounded-full transition-all w-8 h-8"
          style="background-color: rgb(255, 240, 108);"
        />
      </button>
      <button
        class="w-8 h-8 rounded-full flex items-center justify-center border-1 transition-colors border-gray"
        type="button"
      >
        <div
          class="rounded-full transition-all w-8 h-8"
          style="background-color: rgb(155, 255, 108);"
        />
      </button>
      <button
        class="w-8 h-8 rounded-full flex items-center justify-center border-1 transition-colors border-gray"
        type="button"
      >
        <div
          class="rounded-full transition-all w-8 h-8"
          style="background-color: rgb(108, 255, 158);"
        />
      </button>
      <button
        class="w-8 h-8 rounded-full flex items-center justify-center border-1 transition-colors border-gray"
        type="button"
      >
        <div
          class="rounded-full transition-all w-8 h-8"
          style="background-color: rgb(108, 255, 220);"
        />
      </button>
      <button
        class="w-8 h-8 rounded-full flex items-center justify-center border-1 transition-colors border-gray"
        type="button"
      >
        <div
          class="rounded-full transition-all w-8 h-8"
          style="background-color: rgb(108, 185, 255);"
        />
      </button>
      <button
        class="w-8 h-8 rounded-full flex items-center justify-center border-1 transition-colors border-gray"
        type="button"
      >
        <div
          class="rounded-full transition-all w-8 h-8"
          style="background-color: rgb(108, 246, 255);"
        />
      </button>
      <button
        class="w-8 h-8 rounded-full flex items-center justify-center border-1 transition-colors border-gray"
        type="button"
      >
        <div
          class="rounded-full transition-all w-8 h-8"
          style="background-color: rgb(108, 167, 255);"
        />
      </button>
      <button
        class="w-8 h-8 rounded-full flex items-center justify-center border-1 transition-colors border-gray"
        type="button"
      >
        <div
          class="rounded-full transition-all w-8 h-8"
          style="background-color: rgb(108, 123, 255);"
        />
      </button>
      <button
        class="w-8 h-8 rounded-full flex items-center justify-center border-1 transition-colors border-gray"
        type="button"
      >
        <div
          class="rounded-full transition-all w-8 h-8"
          style="background-color: rgb(138, 108, 255);"
        />
      </button>
      <button
        class="w-8 h-8 rounded-full flex items-center justify-center border-1 transition-colors border-gray"
        type="button"
      >
        <div
          class="rounded-full transition-all w-8 h-8"
          style="background-color: rgb(182, 108, 255);"
        />
      </button>
      <button
        class="w-8 h-8 rounded-full flex items-center justify-center border-1 transition-colors border-gray"
        type="button"
      >
        <div
          class="rounded-full transition-all w-8 h-8"
          style="background-color: rgb(252, 108, 255);"
        />
      </button>
      <button
        class="w-8 h-8 rounded-full flex items-center justify-center border-1 transition-colors border-gray"
        type="button"
      >
        <div
          class="rounded-full transition-all w-8 h-8"
          style="background-color: rgb(255, 0, 0);"
        />
      </button>
    </div>
  </div>
</div>
`;
