// Jest Snapshot v1, https://jestjs.io/docs/snapshot-testing

exports[`TagSelection Component should render TagSelection component and match snapshot 1`] = `
<div>
  <div
    class="mb-6 max-w-[320px]"
  >
    <h2
      class="text-[18px] font-secondary mb-4"
    >
      Tags
    </h2>
    <div
      class="flex flex-wrap gap-2 text-gray"
    >
      <span
        class="cursor-pointer hover:text-black transition"
      >
        Fashion
      </span>
      <span
        class="cursor-pointer hover:text-black transition"
      >
        Hats
      </span>
      <span
        class="cursor-pointer hover:text-black transition"
      >
        Sandal
      </span>
      <span
        class="cursor-pointer hover:text-black transition"
      >
        Belt
      </span>
      <span
        class="cursor-pointer hover:text-black transition"
      >
        Bags
      </span>
      <span
        class="cursor-pointer hover:text-black transition"
      >
        Snacker
      </span>
      <span
        class="cursor-pointer hover:text-black transition"
      >
        Denim
      </span>
      <span
        class="cursor-pointer hover:text-black transition"
      >
        Minimog
      </span>
      <span
        class="cursor-pointer hover:text-black transition"
      >
        Vagabond
      </span>
      <span
        class="cursor-pointer hover:text-black transition"
      >
        Sunglasses
      </span>
      <span
        class="cursor-pointer hover:text-black transition"
      >
        Beachwear
      </span>
    </div>
  </div>
</div>
`;
