// Jest Snapshot v1, https://jestjs.io/docs/snapshot-testing

exports[`Header renders correctly when user is not authenticated (snapshot) 1`] = `
<div>
  <header
    class="w-full py-4 flex justify-between items-center"
  >
    <nav
      class="z-40 h-auto justify-center data-[menu-open=true]:border-none sticky top-0 inset-x-0 backdrop-blur-lg data-[menu-open=true]:backdrop-blur-xl backdrop-saturate-150 bg-background/70 flex items-center w-[1282px] mx-auto"
      style="--navbar-height: 4rem;"
    >
      <header
        class="z-40 flex px-6 gap-4 w-full flex-row relative flex-nowrap items-center justify-between h-[var(--navbar-height)] max-w-[1024px]"
      >
        <a
          class="text-4xl font-extrabold font-serif"
          href="/"
        >
          FASCO
        </a>
        <ul
          class="gap-4 h-full flex-row flex-nowrap data-[justify=start]:justify-start data-[justify=start]:flex-grow data-[justify=start]:basis-0 data-[justify=center]:justify-center data-[justify=end]:justify-end data-[justify=end]:flex-grow data-[justify=end]:basis-0 flex items-center justify-between w-[300px]"
          data-justify="start"
        >
          <a
            class="transition-colors text-charcoal hover:text-black"
            href="/"
          >
            Home
          </a>
          <a
            class="transition-colors text-charcoal hover:text-black"
            href="/shop"
          >
            Shop
          </a>
          <a
            class="transition-colors text-charcoal hover:text-black"
            href="/cart"
          >
            Cart
          </a>
        </ul>
        <ul
          class="h-full flex-row flex-nowrap data-[justify=start]:justify-start data-[justify=start]:flex-grow data-[justify=start]:basis-0 data-[justify=center]:justify-center data-[justify=end]:justify-end data-[justify=end]:flex-grow data-[justify=end]:basis-0 flex items-center w-[300px] gap-7 justify-end relative"
          data-justify="start"
        >
          <button
            class="z-0 group relative inline-flex items-center justify-center box-border appearance-none select-none whitespace-nowrap font-normal subpixel-antialiased overflow-hidden tap-highlight-transparent transform-gpu data-[pressed=true]:scale-[0.97] cursor-pointer outline-hidden data-[focus-visible=true]:z-10 data-[focus-visible=true]:outline-2 data-[focus-visible=true]:outline-focus data-[focus-visible=true]:outline-offset-2 px-4 min-w-20 h-10 gap-2 [&>svg]:max-w-[theme(spacing.8)] motion-reduce:transition-none data-[hover=true]:opacity-hover w-full py-3 rounded-[10px] border border-border-input-100 transition hover:delay-75 bg-black hover:bg-secondary text-white text-base"
            data-react-aria-pressable="true"
            tabindex="0"
            type="button"
          >
            Sign in
          </button>
          <button
            class="z-0 group relative inline-flex items-center justify-center box-border appearance-none select-none whitespace-nowrap font-normal subpixel-antialiased overflow-hidden tap-highlight-transparent transform-gpu data-[pressed=true]:scale-[0.97] cursor-pointer outline-hidden data-[focus-visible=true]:z-10 data-[focus-visible=true]:outline-2 data-[focus-visible=true]:outline-focus data-[focus-visible=true]:outline-offset-2 px-4 min-w-20 h-10 gap-2 [&>svg]:max-w-[theme(spacing.8)] motion-reduce:transition-none data-[hover=true]:opacity-hover w-full py-3 rounded-[10px] border border-border-input-100 transition hover:delay-75 bg-black hover:bg-secondary text-white text-base"
            data-react-aria-pressable="true"
            tabindex="0"
            type="button"
          >
            Sign Up
          </button>
        </ul>
      </header>
    </nav>
  </header>
</div>
`;
